// Jest Snapshot v1, https://goo.gl/fbAQLP

exports[`Render by empty config should return expected value 1`] = `
[
  {
    "content": "name: Check PR
on: [pull_request]

env:
  NODE_ENV: CI

concurrency:
  group: \${{ github.workflow }}-\${{ github.event.pull_request.number }}
  cancel-in-progress: true

jobs:


",
    "output": ".github/workflows/check-pr.yml",
  },
  {
    "content": "name: Check production
on:
  push:
    branches:
      - stable
      - master
    tags:
      - v**

env:
  NODE_ENV: CI
  FORCE_COLOR: 1

jobs:

",
    "output": ".github/workflows/check-prod.yml",
  },
  {
    "content": "name: Preparing
description: preparing to run the checks

runs:
  using: composite
  steps:
    - name: Setup node
      uses: actions/setup-node@v3
      with:
        node-version: 16

",
    "output": ".github/actions/check-install/action.yml",
  },
  {
    "content": "name: Run check
description: run check script

inputs:
  script:
    required: true
    description: script command

outputs:
  result:
    description: "Script result"
    value: \${{ steps.result.outputs.status }}

runs:
  using: composite
  steps:
    - name: Run script
      id: script
      shell: bash
      run: \${{ inputs.script }}

    - name: Results
      id: result
      if: always()
      env:
        SUCCESS_ICON: "☘️"
        FAILURE_ICON: "🐙"
      shell: bash
      run: |
        if [[ \${{ steps.script.outcome }} == 'success' ]]; then echo "status=$SUCCESS_ICON" >> $GITHUB_OUTPUT; else echo "status=$FAILURE_ICON" >> $GITHUB_OUTPUT; fi
",
    "output": ".github/actions/check-run/action.yml",
  },
]
`;
